\BOOKMARK [1][-]{section.1}{\376\377\000I\000n\000t\000r\000o\000d\000u\000c\000t\000i\000o\000n}{}% 1
\BOOKMARK [1][-]{section.2}{\376\377\000L\000e\000a\000r\000n\000i\000n\000g\000\040\000U\000s\000e\000r\000\040\000S\000i\000m\000u\000l\000a\000t\000o\000r\000s}{}% 2
\BOOKMARK [2][-]{subsection.2.1}{\376\377\000P\000r\000o\000b\000l\000e\000m\000\040\000F\000o\000r\000m\000u\000l\000a\000t\000i\000o\000n}{section.2}% 3
\BOOKMARK [2][-]{subsection.2.2}{\376\377\000T\000u\000r\000i\000n\000g\000-\000R\000L}{section.2}% 4
\BOOKMARK [1][-]{section.3}{\376\377\000E\000x\000p\000e\000r\000i\000m\000e\000n\000t\000a\000l\000\040\000S\000e\000t\000u\000p}{}% 5
\BOOKMARK [2][-]{subsection.3.1}{\376\377\000D\000a\000t\000a\000s\000e\000t\000s}{section.3}% 6
\BOOKMARK [2][-]{subsection.3.2}{\376\377\000T\000r\000a\000i\000n\000i\000n\000g}{section.3}% 7
\BOOKMARK [2][-]{subsection.3.3}{\376\377\000B\000a\000s\000e\000l\000i\000n\000e\000s}{section.3}% 8
\BOOKMARK [2][-]{subsection.3.4}{\376\377\000E\000v\000a\000l\000u\000a\000t\000i\000o\000n}{section.3}% 9
\BOOKMARK [3][-]{subsubsection.3.4.1}{\376\377\000L\000L\000M\000-\000a\000s\000-\000J\000u\000d\000g\000e\000\040\000E\000v\000a\000l\000u\000a\000t\000i\000o\000n}{subsection.3.4}% 10
\BOOKMARK [3][-]{subsubsection.3.4.2}{\376\377\000H\000u\000m\000a\000n\000\040\000E\000v\000a\000l\000u\000a\000t\000i\000o\000n}{subsection.3.4}% 11
\BOOKMARK [1][-]{section.4}{\376\377\000R\000e\000s\000u\000l\000t\000s}{}% 12
\BOOKMARK [2][-]{subsection.4.1}{\376\377\000L\000L\000M\000-\000a\000s\000-\000J\000u\000d\000g\000e\000\040\000E\000v\000a\000l\000u\000a\000t\000i\000o\000n}{section.4}% 13
\BOOKMARK [2][-]{subsection.4.2}{\376\377\000H\000u\000m\000a\000n\000\040\000E\000v\000a\000l\000u\000a\000t\000i\000o\000n}{section.4}% 14
\BOOKMARK [1][-]{section.5}{\376\377\000A\000b\000l\000a\000t\000i\000o\000n\000s\000\040\000a\000n\000d\000\040\000A\000n\000a\000l\000y\000s\000i\000s}{}% 15
\BOOKMARK [2][-]{subsection.5.1}{\376\377\000U\000s\000e\000r\000\040\000R\000e\000p\000r\000e\000s\000e\000n\000t\000a\000t\000i\000o\000n\000s}{section.5}% 16
\BOOKMARK [2][-]{subsection.5.2}{\376\377\000Q\000u\000a\000l\000i\000t\000a\000t\000i\000v\000e\000\040\000E\000x\000a\000m\000p\000l\000e\000s}{section.5}% 17
\BOOKMARK [1][-]{section.6}{\376\377\000D\000i\000s\000c\000u\000s\000s\000i\000o\000n}{}% 18
\BOOKMARK [1][-]{section.7}{\376\377\000R\000e\000l\000a\000t\000e\000d\000\040\000W\000o\000r\000k}{}% 19
\BOOKMARK [1][-]{section.8}{\376\377\000C\000o\000n\000c\000l\000u\000s\000i\000o\000n}{}% 20
\BOOKMARK [1][-]{appendix.A}{\376\377\000D\000a\000t\000a\000s\000e\000t\000\040\000D\000e\000t\000a\000i\000l\000s}{}% 21
\BOOKMARK [2][-]{subsection.A.1}{\376\377\000D\000a\000t\000a\000s\000e\000t\000\040\000P\000r\000e\000p\000r\000o\000c\000e\000s\000s\000i\000n\000g}{appendix.A}% 22
\BOOKMARK [2][-]{subsection.A.2}{\376\377\000P\000e\000r\000s\000o\000n\000a\000\040\000I\000n\000d\000u\000c\000t\000i\000o\000n}{appendix.A}% 23
\BOOKMARK [1][-]{appendix.B}{\376\377\000G\000e\000n\000e\000r\000a\000t\000i\000o\000n\000\040\000D\000e\000t\000a\000i\000l\000s}{}% 24
\BOOKMARK [2][-]{subsection.B.1}{\376\377\000S\000a\000m\000p\000l\000i\000n\000g\000\040\000P\000a\000r\000a\000m\000e\000t\000e\000r\000s}{appendix.B}% 25
\BOOKMARK [2][-]{subsection.B.2}{\376\377\000P\000r\000o\000m\000p\000t\000\040\000F\000o\000r\000m\000a\000t\000t\000i\000n\000g}{appendix.B}% 26
\BOOKMARK [1][-]{appendix.C}{\376\377\000T\000r\000a\000i\000n\000i\000n\000g\000\040\000D\000e\000t\000a\000i\000l\000s}{}% 27
\BOOKMARK [2][-]{subsection.C.1}{\376\377\000S\000F\000T\000\040\000T\000r\000a\000i\000n\000i\000n\000g\000\040\000D\000e\000t\000a\000i\000l\000s}{appendix.C}% 28
\BOOKMARK [2][-]{subsection.C.2}{\376\377\000G\000R\000P\000O\000\040\000T\000r\000a\000i\000n\000i\000n\000g\000\040\000D\000e\000t\000a\000i\000l\000s}{appendix.C}% 29
\BOOKMARK [2][-]{subsection.C.3}{\376\377\000L\000e\000n\000g\000t\000h\000\040\000P\000e\000n\000a\000l\000t\000y}{appendix.C}% 30
\BOOKMARK [1][-]{appendix.D}{\376\377\000H\000u\000m\000a\000n\000\040\000E\000v\000a\000l\000u\000a\000t\000i\000o\000n\000\040\000D\000e\000t\000a\000i\000l\000s}{}% 31
\BOOKMARK [2][-]{subsection.D.1}{\376\377\000D\000e\000s\000i\000g\000n}{appendix.D}% 32
\BOOKMARK [2][-]{subsection.D.2}{\376\377\000C\000o\000m\000p\000r\000e\000h\000e\000n\000s\000i\000o\000n\000\040\000F\000i\000l\000t\000e\000r\000i\000n\000g}{appendix.D}% 33
\BOOKMARK [2][-]{subsection.D.3}{\376\377\000B\000a\000l\000a\000n\000c\000i\000n\000g}{appendix.D}% 34
\BOOKMARK [2][-]{subsection.D.4}{\376\377\000M\000e\000t\000r\000i\000c}{appendix.D}% 35
\BOOKMARK [2][-]{subsection.D.5}{\376\377\000T\000e\000s\000t\000i\000n\000g\000\040\000f\000o\000r\000\040\000S\000t\000a\000t\000i\000s\000t\000i\000c\000a\000l\000\040\000S\000i\000g\000n\000i\000f\000i\000c\000a\000n\000c\000e}{appendix.D}% 36
\BOOKMARK [2][-]{subsection.D.6}{\376\377\000W\000o\000r\000d\000\040\000C\000o\000u\000n\000t\000s}{appendix.D}% 37
\BOOKMARK [2][-]{subsection.D.7}{\376\377\000R\000e\000a\000c\000t\000i\000o\000n\000\040\000T\000i\000m\000e}{appendix.D}% 38
\BOOKMARK [1][-]{appendix.E}{\376\377\000J\000u\000d\000g\000e\000\040\000P\000r\000o\000m\000p\000t\000s}{}% 39
\BOOKMARK [1][-]{appendix.F}{\376\377\000T\000r\000a\000i\000n\000i\000n\000g\000\040\000D\000y\000n\000a\000m\000i\000c\000s}{}% 40
\BOOKMARK [1][-]{appendix.G}{\376\377\000M\000o\000r\000e\000\040\000Q\000u\000a\000l\000i\000t\000a\000t\000i\000v\000e\000\040\000E\000x\000a\000m\000p\000l\000e\000s}{}% 41
